--------------------------------------------------
[2026-03-25 00:01:23] APPOINTMENT_VIEW_ALL by Tenant1
Method: GET | Endpoint: /Secure-Hospital-RestAPI/public/api/appointments
JSON: {
    "status": "SUCCESS",
    "response_time_ms": 63,
    "record_count": 11,
    "ip": "::1",
    "_meta": {
        "user_id": 2,
        "action": "APPOINTMENT_VIEW_ALL"
    }
}
--------------------------------------------------

--------------------------------------------------
[2026-03-25 00:01:26] PRESCRIPTION_VIEW_ALL by Tenant1
Method: GET | Endpoint: /Secure-Hospital-RestAPI/public/api/prescriptions
JSON: {
    "status": "SUCCESS",
    "response_time_ms": 82,
    "record_count": 1,
    "ip": "::1",
    "_meta": {
        "user_id": 2,
        "action": "PRESCRIPTION_VIEW_ALL"
    }
}
--------------------------------------------------

--------------------------------------------------
[2026-03-25 00:01:26] PATIENT_VIEW_ALL by Tenant1
Method: GET | Endpoint: /Secure-Hospital-RestAPI/public/api/patients
JSON: {
    "status": "SUCCESS",
    "response_time_ms": 144,
    "record_count": 4,
    "ip": "::1",
    "_meta": {
        "user_id": 2,
        "action": "PATIENT_VIEW_ALL"
    }
}
--------------------------------------------------

--------------------------------------------------
[2026-03-25 00:01:26] APPOINTMENT_VIEW_ALL by Tenant1
Method: GET | Endpoint: /Secure-Hospital-RestAPI/public/api/appointments?status=completed
JSON: {
    "status": "SUCCESS",
    "response_time_ms": 167,
    "record_count": 2,
    "ip": "::1",
    "_meta": {
        "user_id": 2,
        "action": "APPOINTMENT_VIEW_ALL"
    }
}
--------------------------------------------------

--------------------------------------------------
[2026-03-25 00:01:58] APPOINTMENT_VIEW_ALL by Apollo Admin
Method: GET | Endpoint: /Secure-Hospital-RestAPI/public/api/appointments
JSON: {
    "status": "SUCCESS",
    "response_time_ms": 75,
    "record_count": 11,
    "ip": "::1",
    "_meta": {
        "user_id": 1,
        "action": "APPOINTMENT_VIEW_ALL"
    }
}
--------------------------------------------------

--------------------------------------------------
[2026-03-25 00:01:58] PRESCRIPTION_VIEW_ALL by Apollo Admin
Method: GET | Endpoint: /Secure-Hospital-RestAPI/public/api/prescriptions
JSON: {
    "status": "SUCCESS",
    "response_time_ms": 61,
    "record_count": 1,
    "ip": "::1",
    "_meta": {
        "user_id": 1,
        "action": "PRESCRIPTION_VIEW_ALL"
    }
}
--------------------------------------------------

--------------------------------------------------
[2026-03-25 00:02:00] STAFF_VIEW_ALL by Apollo Admin
Method: GET | Endpoint: /Secure-Hospital-RestAPI/public/api/staff
JSON: {
    "status": "SUCCESS",
    "response_time_ms": 52,
    "record_count": 6,
    "ip": "::1",
    "_meta": {
        "user_id": 1,
        "action": "STAFF_VIEW_ALL"
    }
}
--------------------------------------------------

--------------------------------------------------
[2026-03-25 00:02:11] STAFF_VIEW_ALL by Unknown
Method: GET | Endpoint: /Secure-Hospital-RestAPI/public/api/staff
JSON: {
    "status": "SUCCESS",
    "response_time_ms": 29,
    "record_count": 6,
    "ip": "::1",
    "_meta": {
        "user_id": 1,
        "action": "STAFF_VIEW_ALL"
    }
}
--------------------------------------------------

--------------------------------------------------
[2026-03-25 00:02:14] APPOINTMENT_VIEW_ALL by Unknown
Method: GET | Endpoint: /Secure-Hospital-RestAPI/public/api/appointments
JSON: {
    "status": "SUCCESS",
    "response_time_ms": 115,
    "record_count": 11,
    "ip": "::1",
    "_meta": {
        "user_id": 1,
        "action": "APPOINTMENT_VIEW_ALL"
    }
}
--------------------------------------------------

--------------------------------------------------
[2026-03-25 00:02:14] PRESCRIPTION_VIEW_ALL by Unknown
Method: GET | Endpoint: /Secure-Hospital-RestAPI/public/api/prescriptions
JSON: {
    "status": "SUCCESS",
    "response_time_ms": 139,
    "record_count": 1,
    "ip": "::1",
    "_meta": {
        "user_id": 1,
        "action": "PRESCRIPTION_VIEW_ALL"
    }
}
--------------------------------------------------

--------------------------------------------------
[2026-03-25 00:05:38] APPOINTMENT_VIEW_ALL by Tenant1
Method: GET | Endpoint: /Secure-Hospital-RestAPI/public/api/appointments
JSON: {
    "status": "SUCCESS",
    "response_time_ms": 105,
    "record_count": 11,
    "ip": "::1"
}
--------------------------------------------------

--------------------------------------------------
[2026-03-25 00:05:38] PATIENT_VIEW_ALL by Tenant1
Method: GET | Endpoint: /Secure-Hospital-RestAPI/public/api/patients
JSON: {
    "status": "SUCCESS",
    "response_time_ms": 168,
    "record_count": 4,
    "ip": "::1"
}
--------------------------------------------------

--------------------------------------------------
[2026-03-25 00:05:38] PRESCRIPTION_VIEW_ALL by Tenant1
Method: GET | Endpoint: /Secure-Hospital-RestAPI/public/api/prescriptions
JSON: {
    "status": "SUCCESS",
    "response_time_ms": 125,
    "record_count": 1,
    "ip": "::1"
}
--------------------------------------------------

--------------------------------------------------
[2026-03-25 00:05:38] APPOINTMENT_VIEW_ALL by Tenant1
Method: GET | Endpoint: /Secure-Hospital-RestAPI/public/api/appointments
JSON: {
    "status": "SUCCESS",
    "response_time_ms": 39,
    "record_count": 11,
    "ip": "::1"
}
--------------------------------------------------

--------------------------------------------------
[2026-03-25 00:05:43] PATIENT_VIEW_ALL by Tenant1
Method: GET | Endpoint: /Secure-Hospital-RestAPI/public/api/patients
JSON: {
    "status": "SUCCESS",
    "response_time_ms": 44,
    "record_count": 4,
    "ip": "::1"
}
--------------------------------------------------

--------------------------------------------------
[2026-03-25 00:05:43] PRESCRIPTION_VIEW_ALL by Tenant1
Method: GET | Endpoint: /Secure-Hospital-RestAPI/public/api/prescriptions
JSON: {
    "status": "SUCCESS",
    "response_time_ms": 119,
    "record_count": 1,
    "ip": "::1"
}
--------------------------------------------------

--------------------------------------------------
[2026-03-25 00:05:43] APPOINTMENT_VIEW_ALL by Tenant1
Method: GET | Endpoint: /Secure-Hospital-RestAPI/public/api/appointments?status=completed
JSON: {
    "status": "SUCCESS",
    "response_time_ms": 42,
    "record_count": 2,
    "ip": "::1"
}
--------------------------------------------------

--------------------------------------------------
[2026-03-25 00:09:44] APPOINTMENT_VIEW_ALL by Apollo Admin
Method: GET | Endpoint: /Secure-Hospital-RestAPI/public/api/appointments
JSON: {
    "status": "SUCCESS",
    "response_time_ms": 174,
    "record_count": 11,
    "ip": "::1"
}
--------------------------------------------------

--------------------------------------------------
[2026-03-25 00:09:44] PRESCRIPTION_VIEW_ALL by Apollo Admin
Method: GET | Endpoint: /Secure-Hospital-RestAPI/public/api/prescriptions
JSON: {
    "status": "SUCCESS",
    "response_time_ms": 80,
    "record_count": 1,
    "ip": "::1"
}
--------------------------------------------------

--------------------------------------------------
[2026-03-25 00:09:49] STAFF_VIEW_ALL by Apollo Admin
Method: GET | Endpoint: /Secure-Hospital-RestAPI/public/api/staff
JSON: {
    "status": "SUCCESS",
    "response_time_ms": 46,
    "record_count": 6,
    "ip": "::1"
}
--------------------------------------------------

